MemTotal:       18025572 kB
MemFree:        13150176 kB
MemAvailable:   15447672 kB
Buffers:         1524852 kB
Cached:         12645260 kB
SwapCached:            0 kB
Active:          2572904 kB
Inactive:        1064976 kB
Active(anon):    1047836 kB
Inactive(anon):    11736 kB
Active(file):    1525068 kB
Inactive(file):  1053240 kB
Unevictable:      611904 kB
Mlocked:           32884 kB
SwapTotal:      11756208 kB
SwapFree:       11756208 kB
Dirty:              4152 kB
Writeback:             0 kB
AnonPages:       1079660 kB
Mapped:           782152 kB
Shmem:            591820 kB
Slab:             366104 kB
SReclaimable:     254356 kB
SUnreclaim:       111748 kB
KernelStack:       22652 kB
PageTables:        41540 kB
NFS_Unstable:          0 kB
Bounce:                0 kB
WritebackTmp:          0 kB
CommitLimit:    15768992 kB
Committed_AS:   36120244 kB
VmallocTotal:   34359738367 kB
VmallocUsed:           0 kB
VmallocChunk:          0 kB
Percpu:             3328 kB
AnonHugePages:     32768 kB
ShmemHugePages:        0 kB
ShmemPmdMapped:        0 kB
DirectMap4k:      293036 kB
DirectMap2M:     6918144 kB
DirectMap1G:     2097152 kB
