MemTotal:        8058940 kB
MemFree:          314184 kB
MemAvailable:    2714260 kB
Buffers:          701012 kB
Cached:          4108044 kB
SwapCached:            0 kB
Active:          3734844 kB
Inactive:        3288772 kB
Active(anon):    2307120 kB
Inactive(anon):  1971184 kB
Active(file):    1427724 kB
Inactive(file):  1317588 kB
Unevictable:      119252 kB
Mlocked:           30720 kB
SwapTotal:      11805084 kB
SwapFree:       11758420 kB
Dirty:             57024 kB
Writeback:             0 kB
AnonPages:       2333820 kB
Mapped:          1717224 kB
Shmem:           2063760 kB
Slab:             296624 kB
SReclaimable:     131788 kB
SUnreclaim:       164836 kB
KernelStack:       30432 kB
PageTables:        73772 kB
NFS_Unstable:          0 kB
Bounce:                0 kB
WritebackTmp:          0 kB
CommitLimit:    15834552 kB
Committed_AS:   47032264 kB
VmallocTotal:   34359738367 kB
VmallocUsed:           0 kB
VmallocChunk:          0 kB
AnonHugePages:     30720 kB
DirectMap4k:      378408 kB
DirectMap2M:     7905280 kB
DirectMap1G:           0 kB
