MemTotal:        1997412 kB
MemFree:          355216 kB
MemAvailable:    2123612 kB
Buffers:          503804 kB
Cached:          1652220 kB
SwapCached:            0 kB
Active:          1966852 kB
Inactive:        1060232 kB
Active(anon):     793464 kB
Inactive(anon):   173736 kB
Active(file):    1173388 kB
Inactive(file):   886496 kB
Unevictable:       52020 kB
Mlocked:           41068 kB
SwapTotal:       5709096 kB
SwapFree:        5709096 kB
Dirty:              6980 kB
Writeback:             0 kB
AnonPages:        923116 kB
Mapped:           793768 kB
Shmem:             96152 kB
Slab:             307356 kB
SReclaimable:     205156 kB
SUnreclaim:       102200 kB
KernelStack:       24336 kB
PageTables:        45924 kB
NFS_Unstable:          0 kB
Bounce:                0 kB
WritebackTmp:          0 kB
CommitLimit:     7657800 kB
Committed_AS:   37047672 kB
VmallocTotal:   34359738367 kB
VmallocUsed:           0 kB
VmallocChunk:          0 kB
AnonHugePages:     40960 kB
ShmemHugePages:        0 kB
ShmemPmdMapped:        0 kB
DirectMap4k:      291480 kB
DirectMap2M:     3764224 kB
DirectMap1G:     2097152 kB

